// Jest Snapshot v1, https://goo.gl/fbAQLP

exports[`SearchPage should display component with default values 1`] = `
<div>
  <h1>
    Search
  </h1>
  <hr />
  <div
    class="row"
  >
    <div
      class="col-5"
    >
      <h4>
        Searching
      </h4>
      <hr />
      <form
        data-testid="search-form"
      >
        <input
          autocomplete="off"
          class="form-control"
          name="searchText"
          placeholder="Search a hero"
          type="text"
          value=""
        />
        <button
          class="btn btn-outline-primary mt-2"
        >
          Search
        </button>
      </form>
    </div>
    <div
      class="col-7"
    >
      <h4>
        Results:
      </h4>
      <hr />
      <div
        class="alert alert-primary   animate__animated animate__fadeIn"
        data-testid="alert"
      >
        Search a hero
      </div>
      <div
        class="alert alert-danger animate__animated animate__fadeIn"
        data-testid="error-alert"
        style="display: none;"
      >
        No hero with 
        <b />
      </div>
    </div>
  </div>
</div>
`;
